2026-08-26 12:23:44,040 - Erro na fatura 1: 
2026-08-26 12:26:45,012 - Erro na fatura 1: Exception: Campo 'Montante de imposto' não encontrado
2026-08-26 12:31:45,466 - Fila vazia ou tela mudou. Total processado: 0
2026-08-26 12:32:08,883 - Erro na fatura 1: Exception: Campo 'Montante de imposto' não encontrado.
2026-08-26 12:35:23,605 - Fatura 1 processada com sucesso.
2026-08-26 12:41:00,355 - Fatura 1 processada com sucesso.
2026-08-26 12:43:00,741 - Fatura 1 processada com sucesso.
2026-08-26 12:44:01,935 - Fatura 1 processada com sucesso.
2026-08-26 12:45:33,348 - Erro na fatura 1: Exception: Campo 'Montante de imposto' não encontrado.
2026-08-26 12:46:10,429 - Fatura 1 processada com sucesso.
2026-08-26 12:48:27,515 - Fatura 1 processada com sucesso.
2026-08-26 12:49:26,390 - Fatura 1 processada com sucesso.
2026-08-26 12:50:59,816 - Fatura 1 processada com sucesso.
2026-08-26 12:53:22,351 - Fila vazia ou tela mudou. Total processado: 0
2026-08-26 12:54:20,181 - Fatura 1 processada com sucesso.
2026-08-26 12:57:33,683 - Fila vazia ou tela mudou. Total processado: 0
2026-08-26 12:58:00,229 - Fatura 1 processada com sucesso.
2026-08-26 12:58:49,709 - Fatura 1 processada com sucesso.
2026-08-26 13:01:23,661 - Fatura 1 processada com sucesso.
2026-08-26 13:02:00,548 - Fatura 1 processada com sucesso.
2026-08-26 13:02:58,823 - Fatura 1 processada com sucesso.
2026-08-26 13:03:13,404 - Fatura 2 processada com sucesso.
2026-08-26 13:03:27,985 - Fatura 3 processada com sucesso.
2026-08-26 13:03:42,566 - Fatura 4 processada com sucesso.
2026-08-26 13:03:57,130 - Fatura 5 processada com sucesso.
2026-08-26 13:04:11,711 - Fatura 6 processada com sucesso.
2026-08-26 13:04:26,309 - Fatura 7 processada com sucesso.
2026-08-26 13:04:40,973 - Fatura 8 processada com sucesso.
2026-08-26 13:04:55,605 - Fatura 9 processada com sucesso.
2026-08-26 13:05:10,269 - Fatura 10 processada com sucesso.
2026-08-26 13:05:24,834 - Fatura 11 processada com sucesso.
2026-08-26 13:05:39,431 - Fatura 12 processada com sucesso.
2026-08-26 13:05:53,996 - Fatura 13 processada com sucesso.
2026-08-26 13:06:08,579 - Fatura 14 processada com sucesso.
2026-08-26 13:06:23,175 - Fatura 15 processada com sucesso.
2026-08-26 13:06:37,789 - Fatura 16 processada com sucesso.
2026-08-26 13:06:52,421 - Fatura 17 processada com sucesso.
2026-08-26 13:07:07,002 - Fatura 18 processada com sucesso.
2026-08-26 13:07:21,566 - Fatura 19 processada com sucesso.
2026-08-26 13:07:36,148 - Fatura 20 processada com sucesso.
2026-08-26 13:07:50,728 - Fatura 21 processada com sucesso.
2026-08-26 13:08:05,359 - Fatura 22 processada com sucesso.
2026-08-26 13:08:19,940 - Fatura 23 processada com sucesso.
2026-08-26 13:08:34,572 - Fatura 24 processada com sucesso.
2026-08-26 13:08:49,153 - Fatura 25 processada com sucesso.
2026-08-26 13:09:03,734 - Fatura 26 processada com sucesso.
2026-08-26 13:09:18,315 - Fatura 27 processada com sucesso.
2026-08-26 13:09:32,913 - Fatura 28 processada com sucesso.
2026-08-26 13:09:47,527 - Fatura 29 processada com sucesso.
2026-08-26 13:10:02,158 - Fatura 30 processada com sucesso.
2026-08-26 13:10:16,773 - Fatura 31 processada com sucesso.
2026-08-26 13:10:31,337 - Fatura 32 processada com sucesso.
2026-08-26 13:10:45,918 - Fatura 33 processada com sucesso.
2026-08-26 13:11:00,533 - Fatura 34 processada com sucesso.
2026-08-26 13:11:15,114 - Fatura 35 processada com sucesso.
2026-08-26 13:11:29,678 - Fatura 36 processada com sucesso.
2026-08-26 13:11:44,260 - Fatura 37 processada com sucesso.
2026-08-26 13:11:58,891 - Fatura 38 processada com sucesso.
2026-08-26 13:12:13,472 - Fatura 39 processada com sucesso.
2026-08-26 13:12:28,086 - Fatura 40 processada com sucesso.
2026-08-26 13:12:42,734 - Fatura 41 processada com sucesso.
2026-08-26 13:12:57,365 - Fatura 42 processada com sucesso.
2026-08-26 13:13:11,947 - Fatura 43 processada com sucesso.
2026-08-26 13:13:26,561 - Fatura 44 processada com sucesso.
2026-08-26 13:13:41,142 - Fatura 45 processada com sucesso.
2026-08-26 13:13:55,707 - Fatura 46 processada com sucesso.
2026-08-26 13:14:10,287 - Fatura 47 processada com sucesso.
2026-08-26 13:14:10,366 - Fila vazia ou tela mudou. Total processado: 47
2026-08-26 13:15:21,674 - Fatura 1 processada com sucesso.
2026-08-26 13:15:37,257 - Fatura 2 processada com sucesso.
2026-08-26 13:15:52,822 - Fatura 3 processada com sucesso.
2026-08-26 13:16:08,404 - Fatura 4 processada com sucesso.
2026-08-26 13:16:23,986 - Fatura 5 processada com sucesso.
2026-08-26 13:16:39,551 - Fatura 6 processada com sucesso.
2026-08-26 13:16:55,133 - Fatura 7 processada com sucesso.
2026-08-26 13:17:10,716 - Fatura 8 processada com sucesso.
2026-08-26 13:17:26,331 - Fatura 9 processada com sucesso.
2026-08-26 13:17:41,896 - Fatura 10 processada com sucesso.
2026-08-26 13:17:57,480 - Fatura 11 processada com sucesso.
2026-08-26 13:18:13,061 - Fatura 12 processada com sucesso.
2026-08-26 13:18:28,676 - Fatura 13 processada com sucesso.
2026-08-26 13:18:44,259 - Fatura 14 processada com sucesso.
2026-08-26 13:18:59,857 - Fatura 15 processada com sucesso.
2026-08-26 13:19:15,473 - Fatura 16 processada com sucesso.
2026-08-26 13:19:31,038 - Fatura 17 processada com sucesso.
2026-08-26 13:19:46,637 - Fatura 18 processada com sucesso.
2026-08-26 13:19:47,818 - Erro na fatura 19: Exception: Campo 'Montante de imposto' não encontrado.
2026-08-26 13:21:56,766 - Fatura 1 processada com sucesso.
2026-08-26 13:22:12,348 - Fatura 2 processada com sucesso.
2026-08-26 13:22:27,931 - Fatura 3 processada com sucesso.
2026-08-26 13:22:43,562 - Fatura 4 processada com sucesso.
2026-08-26 13:22:59,146 - Fatura 5 processada com sucesso.
2026-08-26 13:23:00,309 - Erro na fatura 6: Exception: Campo 'Montante de imposto' não encontrado.
2026-08-26 13:24:47,852 - Fatura 1 processada com sucesso.
2026-08-26 13:24:49,535 - Erro na fatura 2: Exception: Campo 'Montante de imposto' não encontrado.
2026-08-26 13:25:44,108 - Fatura 1 processada com sucesso.
2026-08-26 13:26:01,408 - Fatura 2 processada com sucesso.
2026-08-26 13:26:18,692 - Fatura 3 processada com sucesso.
2026-08-26 13:26:35,959 - Fatura 4 processada com sucesso.
2026-08-26 13:26:53,243 - Fatura 5 processada com sucesso.
2026-08-26 13:27:10,510 - Fatura 6 processada com sucesso.
2026-08-26 13:27:12,174 - Erro na fatura 7: Exception: Campo 'Montante de imposto' não encontrado.
2026-08-26 13:29:53,688 - Fatura 1 processada com sucesso.
2026-08-26 13:30:10,972 - Fatura 2 processada com sucesso.
2026-08-26 13:30:28,256 - Fatura 3 processada com sucesso.
2026-08-26 13:30:29,920 - Erro na fatura 4: Exception: Campo 'Montante de imposto' não encontrado.
2026-08-26 13:31:49,119 - Fatura 1 processada com sucesso.
2026-08-26 13:32:07,421 - Fatura 2 processada com sucesso.
2026-08-26 13:32:25,722 - Fatura 3 processada com sucesso.
2026-08-26 13:32:43,991 - Fatura 4 processada com sucesso.
2026-08-26 13:33:02,275 - Fatura 5 processada com sucesso.
2026-08-26 13:33:20,544 - Fatura 6 processada com sucesso.
2026-08-26 13:33:38,829 - Fatura 7 processada com sucesso.
2026-08-26 13:33:38,908 - Fila vazia ou tela mudou. Total processado: 7
2026-08-26 14:19:51,426 - Fatura 1 processada com sucesso.
2026-08-26 14:20:09,694 - Fatura 2 processada com sucesso.
2026-08-26 14:20:27,962 - Fatura 3 processada com sucesso.
2026-08-26 14:20:46,264 - Fatura 4 processada com sucesso.
2026-08-26 14:21:04,532 - Fatura 5 processada com sucesso.
2026-08-26 14:21:22,816 - Fatura 6 processada com sucesso.
2026-08-26 14:21:41,086 - Fatura 7 processada com sucesso.
2026-08-26 14:21:59,369 - Fatura 8 processada com sucesso.
2026-08-26 14:22:17,637 - Fatura 9 processada com sucesso.
2026-08-26 14:22:35,905 - Fatura 10 processada com sucesso.
2026-08-26 14:22:54,190 - Fatura 11 processada com sucesso.
2026-08-26 14:23:12,475 - Fatura 12 processada com sucesso.
2026-08-26 14:23:30,793 - Fatura 13 processada com sucesso.
2026-08-26 14:23:49,061 - Fatura 14 processada com sucesso.
2026-08-26 14:24:07,330 - Fatura 15 processada com sucesso.
2026-08-26 14:24:25,598 - Fatura 16 processada com sucesso.
2026-08-26 14:24:43,866 - Fatura 17 processada com sucesso.
2026-08-26 14:25:02,134 - Fatura 18 processada com sucesso.
2026-08-26 14:25:03,798 - Erro na fatura 19: Exception: Campo 'Montante de imposto' não encontrado.
2026-08-26 14:27:36,521 - Fila vazia ou tela mudou. Total processado: 0
2026-08-26 14:28:12,172 - Fatura 1 processada com sucesso.
2026-08-26 14:28:30,473 - Fatura 2 processada com sucesso.
2026-08-26 14:28:48,742 - Fatura 3 processada com sucesso.
2026-08-26 14:29:07,026 - Fatura 4 processada com sucesso.
2026-08-26 14:29:25,294 - Fatura 5 processada com sucesso.
2026-08-26 14:29:43,563 - Fatura 6 processada com sucesso.
2026-08-26 14:30:01,864 - Fatura 7 processada com sucesso.
2026-08-26 14:30:20,132 - Fatura 8 processada com sucesso.
2026-08-26 14:30:38,417 - Fatura 9 processada com sucesso.
2026-08-26 14:30:56,702 - Fatura 10 processada com sucesso.
2026-08-26 14:31:14,970 - Fatura 11 processada com sucesso.
2026-08-26 14:31:33,254 - Fatura 12 processada com sucesso.
2026-08-26 14:31:51,540 - Fatura 13 processada com sucesso.
2026-08-26 14:32:09,808 - Fatura 14 processada com sucesso.
2026-08-26 14:32:28,093 - Fatura 15 processada com sucesso.
2026-08-26 14:32:46,361 - Fatura 16 processada com sucesso.
2026-08-26 14:33:04,628 - Fatura 17 processada com sucesso.
2026-08-26 14:33:22,897 - Fatura 18 processada com sucesso.
2026-08-26 14:33:41,165 - Fatura 19 processada com sucesso.
2026-08-26 14:33:59,416 - Fatura 20 processada com sucesso.
2026-08-26 14:34:17,701 - Fatura 21 processada com sucesso.
2026-08-26 14:34:35,986 - Fatura 22 processada com sucesso.
2026-08-26 14:34:54,304 - Fatura 23 processada com sucesso.
2026-08-26 14:35:12,556 - Fatura 24 processada com sucesso.
2026-08-26 14:35:30,824 - Fatura 25 processada com sucesso.
2026-08-26 14:35:49,108 - Fatura 26 processada com sucesso.
2026-08-26 14:36:07,393 - Fatura 27 processada com sucesso.
2026-08-26 14:36:25,661 - Fatura 28 processada com sucesso.
2026-08-26 14:36:43,929 - Fatura 29 processada com sucesso.
2026-08-26 14:37:02,198 - Fatura 30 processada com sucesso.
2026-08-26 14:37:20,517 - Fatura 31 processada com sucesso.
2026-08-26 14:37:38,800 - Fatura 32 processada com sucesso.
2026-08-26 14:37:57,069 - Fatura 33 processada com sucesso.
2026-08-26 14:38:15,353 - Fatura 34 processada com sucesso.
2026-08-26 14:38:33,638 - Fatura 35 processada com sucesso.
2026-08-26 14:38:51,956 - Fatura 36 processada com sucesso.
2026-08-26 14:39:10,241 - Fatura 37 processada com sucesso.
2026-08-26 14:39:28,509 - Fatura 38 processada com sucesso.
2026-08-26 14:39:46,794 - Fatura 39 processada com sucesso.
2026-08-26 14:40:05,078 - Fatura 40 processada com sucesso.
2026-08-26 14:40:23,347 - Fatura 41 processada com sucesso.
2026-08-26 14:40:41,632 - Fatura 42 processada com sucesso.
2026-08-26 14:40:59,933 - Fatura 43 processada com sucesso.
2026-08-26 14:41:18,218 - Fatura 44 processada com sucesso.
2026-08-26 14:41:36,502 - Fatura 45 processada com sucesso.
2026-08-26 14:41:36,582 - Fila vazia ou tela mudou. Total processado: 45
2026-08-26 14:43:47,116 - Fatura 1 processada com sucesso.
2026-08-26 14:44:05,400 - Fatura 2 processada com sucesso.
2026-08-26 14:44:23,669 - Fatura 3 processada com sucesso.
2026-08-26 14:44:41,970 - Fatura 4 processada com sucesso.
2026-08-26 14:44:42,129 - Erro na fatura 5: Exception: Checkbox 'Imposto calc. auto' não encontrado.
2026-08-26 19:24:41,533 - Fatura 1 processada com sucesso.
2026-08-26 19:24:59,818 - Fatura 2 processada com sucesso.
2026-08-26 19:25:18,085 - Fatura 3 processada com sucesso.
2026-08-26 19:25:36,354 - Fatura 4 processada com sucesso.
2026-08-26 19:25:54,622 - Fatura 5 processada com sucesso.
2026-08-26 19:25:56,286 - Erro na fatura 6: Exception: Campo 'Montante de imposto' não encontrado.
2026-08-26 19:28:18,431 - Fatura 1 processada com sucesso.
2026-08-26 19:28:36,699 - Fatura 2 processada com sucesso.
2026-08-26 19:28:54,951 - Fatura 3 processada com sucesso.
2026-08-26 19:29:13,252 - Fatura 4 processada com sucesso.
2026-08-26 19:29:31,537 - Fatura 5 processada com sucesso.
2026-08-26 19:29:49,805 - Fatura 6 processada com sucesso.
2026-08-26 19:30:08,090 - Fatura 7 processada com sucesso.
2026-08-26 19:30:26,708 - Fatura 8 processada com sucesso.
2026-08-26 19:30:44,976 - Fatura 9 processada com sucesso.
2026-08-26 19:31:03,261 - Fatura 10 processada com sucesso.
2026-08-26 19:31:21,513 - Fatura 11 processada com sucesso.
2026-08-26 19:31:39,781 - Fatura 12 processada com sucesso.
2026-08-26 19:31:58,049 - Fatura 13 processada com sucesso.
2026-08-26 19:32:16,334 - Fatura 14 processada com sucesso.
2026-08-26 19:32:34,602 - Fatura 15 processada com sucesso.
2026-08-26 19:32:52,870 - Fatura 16 processada com sucesso.
2026-08-26 19:33:11,138 - Fatura 17 processada com sucesso.
2026-08-26 19:33:29,406 - Fatura 18 processada com sucesso.
2026-08-26 19:33:47,675 - Fatura 19 processada com sucesso.
2026-08-26 19:33:49,340 - Erro na fatura 20: Exception: Campo 'Montante de imposto' não encontrado.
2026-08-26 19:40:30,241 - Fatura 1 processada com sucesso.
2026-08-26 19:40:48,509 - Fatura 2 processada com sucesso.
2026-08-26 19:41:06,777 - Fatura 3 processada com sucesso.
2026-08-26 19:41:25,045 - Fatura 4 processada com sucesso.
2026-08-26 19:41:43,313 - Fatura 5 processada com sucesso.
2026-08-26 19:42:01,581 - Fatura 6 processada com sucesso.
2026-08-26 19:42:19,849 - Fatura 7 processada com sucesso.
2026-08-26 19:42:38,117 - Fatura 8 processada com sucesso.
2026-08-26 19:42:56,402 - Fatura 9 processada com sucesso.
2026-08-26 19:43:14,670 - Fatura 10 processada com sucesso.
2026-08-26 19:43:32,939 - Fatura 11 processada com sucesso.
2026-08-26 19:43:51,207 - Fatura 12 processada com sucesso.
2026-08-26 19:44:09,475 - Fatura 13 processada com sucesso.
2026-08-26 19:44:27,743 - Fatura 14 processada com sucesso.
2026-08-26 19:44:46,011 - Fatura 15 processada com sucesso.
2026-08-26 19:45:04,280 - Fatura 16 processada com sucesso.
2026-08-26 19:45:22,547 - Fatura 17 processada com sucesso.
2026-08-26 19:45:40,833 - Fatura 18 processada com sucesso.
2026-08-26 19:45:59,100 - Fatura 19 processada com sucesso.
2026-08-26 19:46:17,436 - Fatura 20 processada com sucesso.
2026-08-26 19:46:35,753 - Fatura 21 processada com sucesso.
2026-08-26 19:46:54,022 - Fatura 22 processada com sucesso.
2026-08-26 19:47:12,306 - Fatura 23 processada com sucesso.
2026-08-26 19:47:30,575 - Fatura 24 processada com sucesso.
2026-08-26 19:47:48,843 - Fatura 25 processada com sucesso.
2026-08-26 19:48:07,111 - Fatura 26 processada com sucesso.
2026-08-26 19:48:25,362 - Fatura 27 processada com sucesso.
2026-08-26 19:48:43,630 - Fatura 28 processada com sucesso.
2026-08-26 19:49:01,948 - Fatura 29 processada com sucesso.
2026-08-26 19:49:20,217 - Fatura 30 processada com sucesso.
2026-08-26 19:49:38,485 - Fatura 31 processada com sucesso.
2026-08-26 19:49:56,753 - Fatura 32 processada com sucesso.
2026-08-26 19:50:15,037 - Fatura 33 processada com sucesso.
2026-08-26 19:50:33,306 - Fatura 34 processada com sucesso.
2026-08-26 19:50:51,624 - Fatura 35 processada com sucesso.
2026-08-26 19:51:09,892 - Fatura 36 processada com sucesso.
2026-08-26 19:51:28,160 - Fatura 37 processada com sucesso.
2026-08-26 19:51:46,429 - Fatura 38 processada com sucesso.
2026-08-26 19:52:04,697 - Fatura 39 processada com sucesso.
2026-08-26 19:52:22,965 - Fatura 40 processada com sucesso.
2026-08-26 19:52:41,233 - Fatura 41 processada com sucesso.
2026-08-26 19:52:59,501 - Fatura 42 processada com sucesso.
2026-08-26 19:53:17,769 - Fatura 43 processada com sucesso.
2026-08-26 19:53:36,038 - Fatura 44 processada com sucesso.
2026-08-26 19:53:54,372 - Fatura 45 processada com sucesso.
2026-08-26 19:54:12,640 - Fatura 46 processada com sucesso.
2026-08-26 19:54:30,909 - Fatura 47 processada com sucesso.
2026-08-26 19:54:49,176 - Fatura 48 processada com sucesso.
2026-08-26 19:55:07,445 - Fatura 49 processada com sucesso.
2026-08-26 19:55:25,713 - Fatura 50 processada com sucesso.
2026-08-26 19:55:43,981 - Fatura 51 processada com sucesso.
2026-08-26 19:56:02,249 - Fatura 52 processada com sucesso.
2026-08-26 19:56:20,518 - Fatura 53 processada com sucesso.
2026-08-26 19:56:38,785 - Fatura 54 processada com sucesso.
2026-08-26 19:56:57,053 - Fatura 55 processada com sucesso.
2026-08-26 19:57:15,339 - Fatura 56 processada com sucesso.
2026-08-26 19:57:33,639 - Fatura 57 processada com sucesso.
2026-08-26 19:57:51,908 - Fatura 58 processada com sucesso.
2026-08-26 19:58:10,193 - Fatura 59 processada com sucesso.
2026-08-26 19:58:28,478 - Fatura 60 processada com sucesso.
2026-08-26 19:58:46,746 - Fatura 61 processada com sucesso.
2026-08-26 19:59:05,013 - Fatura 62 processada com sucesso.
2026-08-26 19:59:23,282 - Fatura 63 processada com sucesso.
2026-08-26 19:59:41,550 - Fatura 64 processada com sucesso.
2026-08-26 19:59:59,818 - Fatura 65 processada com sucesso.
2026-08-26 20:00:18,086 - Fatura 66 processada com sucesso.
2026-08-26 20:00:36,354 - Fatura 67 processada com sucesso.
2026-08-26 20:00:54,623 - Fatura 68 processada com sucesso.
2026-08-26 20:01:12,924 - Fatura 69 processada com sucesso.
2026-08-26 20:01:13,086 - Erro na fatura 70: Exception: Checkbox 'Imposto calc. auto' não encontrado.
2026-08-26 20:15:57,285 - Fatura 1 processada com sucesso.
2026-08-26 20:16:15,570 - Fatura 2 processada com sucesso.
2026-08-26 20:16:33,838 - Fatura 3 processada com sucesso.
2026-08-26 20:16:52,106 - Fatura 4 processada com sucesso.
2026-08-26 20:17:10,375 - Fatura 5 processada com sucesso.
2026-08-26 20:17:28,643 - Fatura 6 processada com sucesso.
2026-08-26 20:17:46,927 - Fatura 7 processada com sucesso.
2026-08-26 20:18:05,196 - Fatura 8 processada com sucesso.
2026-08-26 20:18:23,514 - Fatura 9 processada com sucesso.
2026-08-26 20:18:41,799 - Fatura 10 processada com sucesso.
2026-08-26 20:19:00,100 - Fatura 11 processada com sucesso.
2026-08-26 20:19:18,368 - Fatura 12 processada com sucesso.
2026-08-26 20:19:36,636 - Fatura 13 processada com sucesso.
2026-08-26 20:19:54,904 - Fatura 14 processada com sucesso.
2026-08-26 20:20:13,172 - Fatura 15 processada com sucesso.
2026-08-26 20:20:31,457 - Fatura 16 processada com sucesso.
2026-08-26 20:20:49,725 - Fatura 17 processada com sucesso.
2026-08-26 20:21:08,010 - Fatura 18 processada com sucesso.
2026-08-26 20:21:26,279 - Fatura 19 processada com sucesso.
2026-08-26 20:21:44,563 - Fatura 20 processada com sucesso.
2026-08-26 20:21:46,228 - Erro na fatura 21: Exception: Campo 'Montante de imposto' não encontrado.
2026-08-26 20:25:55,965 - Fila vazia ou tela mudou. Total processado: 0
2026-08-26 20:26:52,553 - Fila vazia ou tela mudou. Total processado: 0
2026-08-26 20:31:10,625 - Fatura 1 processada com sucesso.
2026-08-26 20:31:28,893 - Fatura 2 processada com sucesso.
2026-08-26 20:31:47,194 - Fatura 3 processada com sucesso.
2026-08-26 20:32:05,463 - Fatura 4 processada com sucesso.
2026-08-26 20:32:23,748 - Fatura 5 processada com sucesso.
2026-08-26 20:32:42,015 - Fatura 6 processada com sucesso.
2026-08-26 20:33:00,301 - Fatura 7 processada com sucesso.
2026-08-26 20:33:18,636 - Fatura 8 processada com sucesso.
2026-08-26 20:33:36,904 - Fatura 9 processada com sucesso.
2026-08-26 20:33:55,171 - Fatura 10 processada com sucesso.
2026-08-26 20:34:13,440 - Fatura 11 processada com sucesso.
2026-08-26 20:34:31,707 - Fatura 12 processada com sucesso.
2026-08-26 20:34:49,976 - Fatura 13 processada com sucesso.
2026-08-26 20:35:08,244 - Fatura 14 processada com sucesso.
2026-08-26 20:35:26,513 - Fatura 15 processada com sucesso.
2026-08-26 20:35:44,780 - Fatura 16 processada com sucesso.
2026-08-26 20:36:03,066 - Fatura 17 processada com sucesso.
2026-08-26 20:36:21,333 - Fatura 18 processada com sucesso.
2026-08-26 20:36:39,601 - Fatura 19 processada com sucesso.
2026-08-26 20:36:57,870 - Fatura 20 processada com sucesso.
2026-08-26 20:37:16,137 - Fatura 21 processada com sucesso.
2026-08-26 20:37:34,406 - Fatura 22 processada com sucesso.
2026-08-26 20:37:52,724 - Fatura 23 processada com sucesso.
2026-08-26 20:38:10,993 - Fatura 24 processada com sucesso.
2026-08-26 20:38:29,277 - Fatura 25 processada com sucesso.
2026-08-26 20:38:47,579 - Fatura 26 processada com sucesso.
2026-08-26 20:39:05,863 - Fatura 27 processada com sucesso.
2026-08-26 20:39:24,132 - Fatura 28 processada com sucesso.
2026-08-26 20:39:42,400 - Fatura 29 processada com sucesso.
2026-08-26 20:40:00,668 - Fatura 30 processada com sucesso.
2026-08-26 20:40:18,953 - Fatura 31 processada com sucesso.
2026-08-26 20:40:19,115 - Erro na fatura 32: Exception: Checkbox 'Imposto calc. auto' não encontrado.
2026-08-26 21:40:34,443 - Fila vazia ou tela mudou. Total processado: 0
2026-08-26 21:41:38,156 - Fila vazia ou tela mudou. Total processado: 0
2026-08-27 08:10:55,682 - Erro na fatura 1: Exception: Campo 'Montante de imposto' não encontrado.
2026-08-27 08:11:35,310 - Fatura 1 processada com sucesso.
2026-08-27 08:11:53,578 - Fatura 2 processada com sucesso.
2026-08-27 08:12:11,846 - Fatura 3 processada com sucesso.
2026-08-27 08:12:30,181 - Fatura 4 processada com sucesso.
2026-08-27 08:12:48,449 - Fatura 5 processada com sucesso.
2026-08-27 08:13:06,717 - Fatura 6 processada com sucesso.
2026-08-27 08:13:08,415 - Erro na fatura 7: Exception: Campo 'Montante de imposto' não encontrado.
2026-08-27 08:27:56,737 - Fatura 1 processada com sucesso.
2026-08-27 08:28:15,004 - Fatura 2 processada com sucesso.
2026-08-27 08:28:33,306 - Fatura 3 processada com sucesso.
2026-08-27 08:28:51,641 - Fatura 4 processada com sucesso.
2026-08-27 08:29:09,926 - Fatura 5 processada com sucesso.
2026-08-27 08:29:28,210 - Fatura 6 processada com sucesso.
2026-08-27 08:29:29,909 - Erro na fatura 7: Exception: Campo 'Montante de imposto' não encontrado.
2026-08-27 08:45:48,269 - Fatura 1 processada com sucesso.
2026-08-27 08:46:06,537 - Fatura 2 processada com sucesso.
2026-08-27 08:46:24,822 - Fatura 3 processada com sucesso.
2026-08-27 08:46:43,107 - Fatura 4 processada com sucesso.
2026-08-27 08:47:01,375 - Fatura 5 processada com sucesso.
2026-08-27 08:47:19,660 - Fatura 6 processada com sucesso.
2026-08-27 08:47:37,945 - Fatura 7 processada com sucesso.
2026-08-27 08:47:56,213 - Fatura 8 processada com sucesso.
2026-08-27 08:48:14,481 - Fatura 9 processada com sucesso.
2026-08-27 08:48:32,749 - Fatura 10 processada com sucesso.
2026-08-27 08:48:51,034 - Fatura 11 processada com sucesso.
2026-08-27 08:49:09,302 - Fatura 12 processada com sucesso.
2026-08-27 08:49:27,587 - Fatura 13 processada com sucesso.
2026-08-27 08:49:45,873 - Fatura 14 processada com sucesso.
2026-08-27 08:50:04,140 - Fatura 15 processada com sucesso.
2026-08-27 08:50:22,442 - Fatura 16 processada com sucesso.
2026-08-27 08:50:40,710 - Fatura 17 processada com sucesso.
2026-08-27 08:50:58,978 - Fatura 18 processada com sucesso.
2026-08-27 08:51:17,263 - Fatura 19 processada com sucesso.
2026-08-27 08:51:35,531 - Fatura 20 processada com sucesso.
2026-08-27 08:51:53,866 - Fatura 21 processada com sucesso.
2026-08-27 08:52:12,134 - Fatura 22 processada com sucesso.
2026-08-27 08:52:30,402 - Fatura 23 processada com sucesso.
2026-08-27 08:52:48,670 - Fatura 24 processada com sucesso.
2026-08-27 08:53:06,939 - Fatura 25 processada com sucesso.
2026-08-27 08:53:25,224 - Fatura 26 processada com sucesso.
2026-08-27 08:53:43,492 - Fatura 27 processada com sucesso.
2026-08-27 08:54:01,760 - Fatura 28 processada com sucesso.
2026-08-27 08:54:20,028 - Fatura 29 processada com sucesso.
2026-08-27 08:54:38,313 - Fatura 30 processada com sucesso.
2026-08-27 08:54:56,581 - Fatura 31 processada com sucesso.
2026-08-27 08:55:14,866 - Fatura 32 processada com sucesso.
2026-08-27 08:55:33,134 - Fatura 33 processada com sucesso.
2026-08-27 08:55:51,419 - Fatura 34 processada com sucesso.
2026-08-27 08:56:09,687 - Fatura 35 processada com sucesso.
2026-08-27 08:56:27,955 - Fatura 36 processada com sucesso.
2026-08-27 08:56:46,223 - Fatura 37 processada com sucesso.
2026-08-27 08:57:04,510 - Fatura 38 processada com sucesso.
2026-08-27 08:57:22,777 - Fatura 39 processada com sucesso.
2026-08-27 08:57:41,045 - Fatura 40 processada com sucesso.
2026-08-27 08:57:59,313 - Fatura 41 processada com sucesso.
2026-08-27 08:58:07,187 - Erro na fatura 42: Exception: Botão 'Aplicar regras' não encontrado.
2026-08-27 08:59:45,185 - Fatura 1 processada com sucesso.
2026-08-27 09:00:03,453 - Fatura 2 processada com sucesso.
2026-08-27 09:00:21,721 - Fatura 3 processada com sucesso.
2026-08-27 09:00:39,989 - Fatura 4 processada com sucesso.
2026-08-27 09:00:58,258 - Fatura 5 processada com sucesso.
2026-08-27 09:01:16,526 - Fatura 6 processada com sucesso.
2026-08-27 09:01:34,810 - Fatura 7 processada com sucesso.
2026-08-27 09:01:53,079 - Fatura 8 processada com sucesso.
2026-08-27 09:02:11,347 - Fatura 9 processada com sucesso.
2026-08-27 09:02:29,615 - Fatura 10 processada com sucesso.
2026-08-27 09:02:47,883 - Fatura 11 processada com sucesso.
2026-08-27 09:03:06,152 - Fatura 12 processada com sucesso.
2026-08-27 09:03:24,420 - Fatura 13 processada com sucesso.
2026-08-27 09:03:42,688 - Fatura 14 processada com sucesso.
2026-08-27 09:04:00,956 - Fatura 15 processada com sucesso.
2026-08-27 09:04:19,224 - Fatura 16 processada com sucesso.
2026-08-27 09:04:37,493 - Fatura 17 processada com sucesso.
2026-08-27 09:04:55,761 - Fatura 18 processada com sucesso.
2026-08-27 09:05:14,029 - Fatura 19 processada com sucesso.
2026-08-27 09:05:32,314 - Fatura 20 processada com sucesso.
2026-08-27 09:05:50,583 - Fatura 21 processada com sucesso.
2026-08-27 09:06:08,883 - Fatura 22 processada com sucesso.
2026-08-27 09:06:27,152 - Fatura 23 processada com sucesso.
2026-08-27 09:06:45,420 - Fatura 24 processada com sucesso.
2026-08-27 09:07:03,688 - Fatura 25 processada com sucesso.
2026-08-27 09:07:21,956 - Fatura 26 processada com sucesso.
2026-08-27 09:07:40,224 - Fatura 27 processada com sucesso.
2026-08-27 09:07:58,492 - Fatura 28 processada com sucesso.
2026-08-27 09:08:16,811 - Fatura 29 processada com sucesso.
2026-08-27 09:08:35,096 - Fatura 30 processada com sucesso.
2026-08-27 09:08:53,364 - Fatura 31 processada com sucesso.
2026-08-27 09:09:11,632 - Fatura 32 processada com sucesso.
2026-08-27 09:09:29,900 - Fatura 33 processada com sucesso.
2026-08-27 09:09:48,168 - Fatura 34 processada com sucesso.
2026-08-27 09:10:06,437 - Fatura 35 processada com sucesso.
2026-08-27 09:10:24,738 - Fatura 36 processada com sucesso.
2026-08-27 09:10:43,040 - Fatura 37 processada com sucesso.
2026-08-27 09:11:01,308 - Fatura 38 processada com sucesso.
2026-08-27 09:11:19,593 - Fatura 39 processada com sucesso.
2026-08-27 09:11:37,861 - Fatura 40 processada com sucesso.
2026-08-27 09:11:56,163 - Fatura 41 processada com sucesso.
2026-08-27 09:12:14,431 - Fatura 42 processada com sucesso.
2026-08-27 09:12:32,732 - Fatura 43 processada com sucesso.
2026-08-27 09:12:51,017 - Fatura 44 processada com sucesso.
2026-08-27 09:12:52,699 - Erro na fatura 45: Exception: Campo 'Montante de imposto' não encontrado.
2026-08-27 12:25:08,562 - Fatura 1 processada com sucesso.
2026-08-27 12:25:26,881 - Fatura 2 processada com sucesso.
2026-08-27 12:25:45,182 - Fatura 3 processada com sucesso.
2026-08-27 12:26:03,534 - Fatura 4 processada com sucesso.
2026-08-27 12:26:21,818 - Fatura 5 processada com sucesso.
2026-08-27 12:26:40,091 - Fatura 6 processada com sucesso.
2026-08-27 12:26:58,372 - Fatura 7 processada com sucesso.
2026-08-27 12:27:16,657 - Fatura 8 processada com sucesso.
2026-08-27 12:27:34,924 - Fatura 9 processada com sucesso.
2026-08-27 12:27:53,209 - Fatura 10 processada com sucesso.
2026-08-27 12:28:11,478 - Fatura 11 processada com sucesso.
2026-08-27 12:28:29,746 - Fatura 12 processada com sucesso.
2026-08-27 12:28:48,030 - Fatura 13 processada com sucesso.
2026-08-27 12:29:06,299 - Fatura 14 processada com sucesso.
2026-08-27 12:29:06,379 - Fila vazia ou tela mudou. Total processado: 14
2026-08-27 12:35:25,618 - Fila vazia ou tela mudou. Total processado: 0
2026-08-28 10:34:31,483 - Fila vazia ou tela mudou. Total processado: 0
2026-08-28 10:35:19,603 - Fatura 1 processada com sucesso.
2026-08-28 10:35:37,870 - Fatura 2 processada com sucesso.
2026-08-28 10:35:56,155 - Fatura 3 processada com sucesso.
2026-08-28 10:36:14,457 - Fatura 4 processada com sucesso.
2026-08-28 10:36:32,725 - Fatura 5 processada com sucesso.
2026-08-28 10:36:51,009 - Fatura 6 processada com sucesso.
2026-08-28 10:37:09,311 - Fatura 7 processada com sucesso.
2026-08-28 10:37:10,977 - Erro na fatura 8: Exception: Campo 'Montante de imposto' não encontrado.
2026-08-28 10:45:34,529 - Erro na fatura 1: Exception: Campo 'Montante de imposto' não encontrado.
2026-08-28 10:53:37,927 - Erro na fatura 1: Exception: Campo 'Montante de imposto' não encontrado.
2026-08-28 10:55:12,771 - Fatura 1 processada com sucesso.
2026-08-28 10:55:31,039 - Fatura 2 processada com sucesso.
2026-08-28 10:55:49,325 - Fatura 3 processada com sucesso.
2026-08-28 10:56:07,593 - Fatura 4 processada com sucesso.
2026-08-28 10:56:25,860 - Fatura 5 processada com sucesso.
2026-08-28 10:56:44,129 - Fatura 6 processada com sucesso.
2026-08-28 10:57:02,397 - Fatura 7 processada com sucesso.
2026-08-28 10:57:20,665 - Fatura 8 processada com sucesso.
2026-08-28 10:57:38,952 - Fatura 9 processada com sucesso.
2026-08-28 10:57:57,218 - Fatura 10 processada com sucesso.
2026-08-28 10:58:15,469 - Fatura 11 processada com sucesso.
2026-08-28 10:58:33,755 - Fatura 12 processada com sucesso.
2026-08-28 10:58:52,056 - Fatura 13 processada com sucesso.
2026-08-28 10:59:10,324 - Fatura 14 processada com sucesso.
2026-08-28 10:59:28,592 - Fatura 15 processada com sucesso.
2026-08-28 10:59:46,860 - Fatura 16 processada com sucesso.
2026-08-28 11:00:05,129 - Fatura 17 processada com sucesso.
2026-08-28 11:00:23,397 - Fatura 18 processada com sucesso.
2026-08-28 11:00:41,665 - Fatura 19 processada com sucesso.
2026-08-28 11:00:59,934 - Fatura 20 processada com sucesso.
2026-08-28 11:01:18,184 - Fatura 21 processada com sucesso.
2026-08-28 11:01:36,453 - Fatura 22 processada com sucesso.
2026-08-28 11:01:54,738 - Fatura 23 processada com sucesso.
2026-08-28 11:02:13,005 - Fatura 24 processada com sucesso.
2026-08-28 11:02:31,274 - Fatura 25 processada com sucesso.
2026-08-28 11:02:49,542 - Fatura 26 processada com sucesso.
2026-08-28 11:03:07,827 - Fatura 27 processada com sucesso.
2026-08-28 11:03:26,128 - Fatura 28 processada com sucesso.
2026-08-28 11:03:44,396 - Fatura 29 processada com sucesso.
2026-08-28 11:04:02,665 - Fatura 30 processada com sucesso.
2026-08-28 11:04:20,950 - Fatura 31 processada com sucesso.
2026-08-28 11:04:39,218 - Fatura 32 processada com sucesso.
2026-08-28 11:04:57,503 - Fatura 33 processada com sucesso.
2026-08-28 11:05:15,771 - Fatura 34 processada com sucesso.
2026-08-28 11:05:34,039 - Fatura 35 processada com sucesso.
2026-08-28 11:05:52,308 - Fatura 36 processada com sucesso.
2026-08-28 11:06:10,575 - Fatura 37 processada com sucesso.
2026-08-28 11:06:28,843 - Fatura 38 processada com sucesso.
2026-08-28 11:06:47,112 - Fatura 39 processada com sucesso.
2026-08-28 11:07:05,380 - Fatura 40 processada com sucesso.
2026-08-28 11:07:23,648 - Fatura 41 processada com sucesso.
2026-08-28 11:07:41,916 - Fatura 42 processada com sucesso.
2026-08-28 11:08:00,184 - Fatura 43 processada com sucesso.
2026-08-28 11:08:18,452 - Fatura 44 processada com sucesso.
2026-08-28 11:08:36,738 - Fatura 45 processada com sucesso.
2026-08-28 11:08:55,005 - Fatura 46 processada com sucesso.
2026-08-28 11:09:13,307 - Fatura 47 processada com sucesso.
2026-08-28 11:09:31,575 - Fatura 48 processada com sucesso.
2026-08-28 11:09:49,844 - Fatura 49 processada com sucesso.
2026-08-28 11:10:08,129 - Fatura 50 processada com sucesso.
2026-08-28 11:10:26,413 - Fatura 51 processada com sucesso.
2026-08-28 11:10:44,681 - Fatura 52 processada com sucesso.
2026-08-28 11:11:02,949 - Fatura 53 processada com sucesso.
2026-08-28 11:11:21,218 - Fatura 54 processada com sucesso.
2026-08-28 11:11:39,486 - Fatura 55 processada com sucesso.
2026-08-28 11:11:57,787 - Fatura 56 processada com sucesso.
2026-08-28 11:12:16,055 - Fatura 57 processada com sucesso.
2026-08-28 11:12:34,340 - Fatura 58 processada com sucesso.
2026-08-28 11:12:52,625 - Fatura 59 processada com sucesso.
2026-08-28 11:13:10,943 - Fatura 60 processada com sucesso.
2026-08-28 11:13:29,212 - Fatura 61 processada com sucesso.
2026-08-28 11:13:47,480 - Fatura 62 processada com sucesso.
2026-08-28 11:14:05,748 - Fatura 63 processada com sucesso.
2026-08-28 11:14:24,016 - Fatura 64 processada com sucesso.
2026-08-28 11:14:42,284 - Fatura 65 processada com sucesso.
2026-08-28 11:15:00,569 - Fatura 66 processada com sucesso.
2026-08-28 11:15:18,853 - Fatura 67 processada com sucesso.
2026-08-28 11:15:37,139 - Fatura 68 processada com sucesso.
2026-08-28 11:15:55,407 - Fatura 69 processada com sucesso.
2026-08-28 11:16:13,691 - Fatura 70 processada com sucesso.
2026-08-28 11:16:31,976 - Fatura 71 processada com sucesso.
2026-08-28 11:16:50,244 - Fatura 72 processada com sucesso.
2026-08-28 11:17:08,529 - Fatura 73 processada com sucesso.
2026-08-28 11:17:26,815 - Fatura 74 processada com sucesso.
2026-08-28 11:17:45,082 - Fatura 75 processada com sucesso.
2026-08-28 11:18:03,351 - Fatura 76 processada com sucesso.
2026-08-28 11:18:21,619 - Fatura 77 processada com sucesso.
2026-08-28 11:18:39,887 - Fatura 78 processada com sucesso.
2026-08-28 11:18:58,155 - Fatura 79 processada com sucesso.
2026-08-28 11:19:16,423 - Fatura 80 processada com sucesso.
2026-08-28 11:19:34,691 - Fatura 81 processada com sucesso.
2026-08-28 11:19:52,977 - Fatura 82 processada com sucesso.
2026-08-28 11:20:11,244 - Fatura 83 processada com sucesso.
2026-08-28 11:20:29,513 - Fatura 84 processada com sucesso.
2026-08-28 11:20:47,781 - Fatura 85 processada com sucesso.
2026-08-28 11:21:06,049 - Fatura 86 processada com sucesso.
2026-08-28 11:21:24,333 - Fatura 87 processada com sucesso.
2026-08-28 11:21:42,635 - Fatura 88 processada com sucesso.
2026-08-28 11:22:00,903 - Fatura 89 processada com sucesso.
2026-08-28 11:22:19,172 - Fatura 90 processada com sucesso.
2026-08-28 11:22:37,439 - Fatura 91 processada com sucesso.
2026-08-28 11:22:55,708 - Fatura 92 processada com sucesso.
2026-08-28 11:23:13,976 - Fatura 93 processada com sucesso.
2026-08-28 11:23:32,261 - Fatura 94 processada com sucesso.
2026-08-28 11:23:50,529 - Fatura 95 processada com sucesso.
2026-08-28 11:24:08,797 - Fatura 96 processada com sucesso.
2026-08-28 11:24:10,462 - Erro na fatura 97: Exception: Campo 'Montante de imposto' não encontrado.
2026-08-28 11:43:10,332 - Fatura 1 processada com sucesso.
2026-08-28 11:43:28,600 - Fatura 2 processada com sucesso.
2026-08-28 11:43:46,885 - Fatura 3 processada com sucesso.
2026-08-28 11:44:05,153 - Fatura 4 processada com sucesso.
2026-08-28 11:44:23,421 - Fatura 5 processada com sucesso.
2026-08-28 11:44:41,706 - Fatura 6 processada com sucesso.
2026-08-28 11:44:59,957 - Fatura 7 processada com sucesso.
2026-08-28 11:45:18,226 - Fatura 8 processada com sucesso.
2026-08-28 11:45:36,528 - Fatura 9 processada com sucesso.
2026-08-28 11:45:54,796 - Fatura 10 processada com sucesso.
2026-08-28 11:46:13,064 - Fatura 11 processada com sucesso.
2026-08-28 11:46:31,332 - Fatura 12 processada com sucesso.
2026-08-28 11:46:49,617 - Fatura 13 processada com sucesso.
2026-08-28 11:47:07,885 - Fatura 14 processada com sucesso.
2026-08-28 11:47:26,169 - Fatura 15 processada com sucesso.
2026-08-28 11:47:44,455 - Fatura 16 processada com sucesso.
2026-08-28 11:47:52,345 - Erro na fatura 17: Exception: Botão 'Aplicar regras' não encontrado.
2026-08-28 11:49:38,918 - Fatura 1 processada com sucesso.
2026-08-28 11:49:57,186 - Fatura 2 processada com sucesso.
2026-08-28 11:50:15,472 - Fatura 3 processada com sucesso.
2026-08-28 11:50:33,739 - Fatura 4 processada com sucesso.
2026-08-28 11:50:52,024 - Fatura 5 processada com sucesso.
2026-08-28 11:51:10,293 - Fatura 6 processada com sucesso.
2026-08-28 11:51:28,560 - Fatura 7 processada com sucesso.
2026-08-28 11:51:46,829 - Fatura 8 processada com sucesso.
2026-08-28 11:52:05,097 - Fatura 9 processada com sucesso.
2026-08-28 11:52:23,365 - Fatura 10 processada com sucesso.
2026-08-28 11:52:41,633 - Fatura 11 processada com sucesso.
2026-08-28 11:52:59,902 - Fatura 12 processada com sucesso.
2026-08-28 11:53:18,186 - Fatura 13 processada com sucesso.
2026-08-28 11:53:36,471 - Fatura 14 processada com sucesso.
2026-08-28 11:53:54,739 - Fatura 15 processada com sucesso.
2026-08-28 11:54:13,040 - Fatura 16 processada com sucesso.
2026-08-28 11:54:31,309 - Fatura 17 processada com sucesso.
2026-08-28 11:54:49,577 - Fatura 18 processada com sucesso.
2026-08-28 11:54:49,738 - Erro na fatura 19: Exception: Checkbox 'Imposto calc. auto' não encontrado.
